L01 NBE bench（workload = dup）
rounds per variant = 1, only variants = bump_spine_iter

== dup_pair(1000) — 复制强制：无记忆化时 quote 强制 C 2×/4× ==
  variant                min_ms     med_ms
  bump_spine_iter         0.068      0.068 *

== dup_deep(1000) — 复制强制：无记忆化时 quote 强制 C 2×/4× ==
  variant                min_ms     med_ms
  bump_spine_iter         0.143      0.143 *

== dup_pair(2000) — 复制强制：无记忆化时 quote 强制 C 2×/4× ==
  variant                min_ms     med_ms
  bump_spine_iter         0.132      0.132 *

== dup_deep(2000) — 复制强制：无记忆化时 quote 强制 C 2×/4× ==
  variant                min_ms     med_ms
  bump_spine_iter         0.316      0.316 *

== dup_pair(4000) — 复制强制：无记忆化时 quote 强制 C 2×/4× ==
  variant                min_ms     med_ms
  bump_spine_iter         0.259      0.259 *

== dup_deep(4000) — 复制强制：无记忆化时 quote 强制 C 2×/4× ==
  variant                min_ms     med_ms
  bump_spine_iter         1.153      1.153 *

== dup_pair(8000) — 复制强制：无记忆化时 quote 强制 C 2×/4× ==
  variant                min_ms     med_ms
  bump_spine_iter         0.635      0.635 *

== dup_deep(8000) — 复制强制：无记忆化时 quote 强制 C 2×/4× ==
  variant                min_ms     med_ms
  bump_spine_iter         1.261      1.261 *

