L01 NBE bench（workload = dup）
rounds per variant = 2, only variants = bump_spine_iter

== dup_pair(1000) — 复制强制：无记忆化时 quote 强制 C 2×/4× ==
  variant                min_ms     med_ms
  bump_spine_iter         0.064      0.068 *

== dup_deep(1000) — 复制强制：无记忆化时 quote 强制 C 2×/4× ==
  variant                min_ms     med_ms
  bump_spine_iter         0.178      0.231 *

== dup_pair(2000) — 复制强制：无记忆化时 quote 强制 C 2×/4× ==
  variant                min_ms     med_ms
  bump_spine_iter         0.132      0.143 *

== dup_deep(2000) — 复制强制：无记忆化时 quote 强制 C 2×/4× ==
  variant                min_ms     med_ms
  bump_spine_iter         0.397      0.488 *

== dup_pair(4000) — 复制强制：无记忆化时 quote 强制 C 2×/4× ==
  variant                min_ms     med_ms
  bump_spine_iter         0.210      0.241 *

== dup_deep(4000) — 复制强制：无记忆化时 quote 强制 C 2×/4× ==
  variant                min_ms     med_ms
  bump_spine_iter         0.714      1.430 *

== dup_pair(8000) — 复制强制：无记忆化时 quote 强制 C 2×/4× ==
  variant                min_ms     med_ms
  bump_spine_iter         0.348      0.642 *

== dup_deep(8000) — 复制强制：无记忆化时 quote 强制 C 2×/4× ==
  variant                min_ms     med_ms
  bump_spine_iter         0.731      1.228 *

